16:52:02 **** Clean-only build of configuration Debug for project Router ****
make clean 
rm -rf  ./src/fifo.o ./src/platform.o ./src/router.o  ./src/fifo.d ./src/platform.d ./src/router.d  Router.elf.size  Router.elf
 
16:52:02 **** Clean-only build of project Router_bsp ****
make -k clean 
make -C microblaze_0/libsrc/standalone_v6_7/src -s clean 
make -C microblaze_0/libsrc/uartlite_v3_2/src -s clean 
make -C microblaze_0/libsrc/bram_v4_2/src -s clean 
make -C microblaze_0/libsrc/cpu_v2_7/src -s clean 
make -C microblaze_0/libsrc/led_shift_594_driver_v1_0/src -s clean 
rm -f microblaze_0/lib/libxil.a
16:52:02 **** Build of project Router_bsp ****
make -k all 
Running Make include in microblaze_0/libsrc/standalone_v6_7/src
make -C microblaze_0/libsrc/standalone_v6_7/src -s include  "SHELL=/bin/sh" "COMPILER=mb-gcc" "ARCHIVER=mb-ar" "COMPILER_FLAGS=  -O2 -c -mcpu=v10.0 -mlittle-endian -mxl-soft-mul" "EXTRA_COMPILER_FLAGS=-ffunction-sections -fdata-sections -Wall -Wextra"
Running Make include in microblaze_0/libsrc/uartlite_v3_2/src
make -C microblaze_0/libsrc/uartlite_v3_2/src -s include  "SHELL=/bin/sh" "COMPILER=mb-gcc" "ARCHIVER=mb-ar" "COMPILER_FLAGS=  -O2 -c -mcpu=v10.0 -mlittle-endian -mxl-soft-mul" "EXTRA_COMPILER_FLAGS=-ffunction-sections -fdata-sections -Wall -Wextra"
Running Make include in microblaze_0/libsrc/bram_v4_2/src
make -C microblaze_0/libsrc/bram_v4_2/src -s include  "SHELL=/bin/sh" "COMPILER=mb-gcc" "ARCHIVER=mb-ar" "COMPILER_FLAGS=  -O2 -c -mcpu=v10.0 -mlittle-endian -mxl-soft-mul" "EXTRA_COMPILER_FLAGS=-ffunction-sections -fdata-sections -Wall -Wextra"
Running Make include in microblaze_0/libsrc/cpu_v2_7/src
make -C microblaze_0/libsrc/cpu_v2_7/src -s include  "SHELL=/bin/sh" "COMPILER=mb-gcc" "ARCHIVER=mb-ar" "COMPILER_FLAGS=  -O2 -c -mcpu=v10.0 -mlittle-endian -mxl-soft-mul" "EXTRA_COMPILER_FLAGS=-ffunction-sections -fdata-sections -Wall -Wextra"
Running Make include in microblaze_0/libsrc/led_shift_594_driver_v1_0/src
make -C microblaze_0/libsrc/led_shift_594_driver_v1_0/src -s include  "SHELL=/bin/sh" "COMPILER=mb-gcc" "ARCHIVER=mb-ar" "COMPILER_FLAGS=  -O2 -c -mcpu=v10.0 -mlittle-endian -mxl-soft-mul" "EXTRA_COMPILER_FLAGS=-ffunction-sections -fdata-sections -Wall -Wextra"
Running Make libs in microblaze_0/libsrc/standalone_v6_7/src
make -C microblaze_0/libsrc/standalone_v6_7/src -s libs  "SHELL=/bin/sh" "COMPILER=mb-gcc" "ARCHIVER=mb-ar" "COMPILER_FLAGS=  -O2 -c -mcpu=v10.0 -mlittle-endian -mxl-soft-mul" "EXTRA_COMPILER_FLAGS=-ffunction-sections -fdata-sections -Wall -Wextra"
Compiling standalone
microblaze_sleep.c:74:9: note: #pragma message: For the sleep routines, assembly instructions are used
 #pragma message ("For the sleep routines, assembly instructions are used")
         ^~~~~~~
mb-ar: creating ../../../lib/libxil.a
Running Make libs in microblaze_0/libsrc/uartlite_v3_2/src
make -C microblaze_0/libsrc/uartlite_v3_2/src -s libs  "SHELL=/bin/sh" "COMPILER=mb-gcc" "ARCHIVER=mb-ar" "COMPILER_FLAGS=  -O2 -c -mcpu=v10.0 -mlittle-endian -mxl-soft-mul" "EXTRA_COMPILER_FLAGS=-ffunction-sections -fdata-sections -Wall -Wextra"
Compiling uartlite
Running Make libs in microblaze_0/libsrc/bram_v4_2/src
make -C microblaze_0/libsrc/bram_v4_2/src -s libs  "SHELL=/bin/sh" "COMPILER=mb-gcc" "ARCHIVER=mb-ar" "COMPILER_FLAGS=  -O2 -c -mcpu=v10.0 -mlittle-endian -mxl-soft-mul" "EXTRA_COMPILER_FLAGS=-ffunction-sections -fdata-sections -Wall -Wextra"
Compiling bram
Running Make libs in microblaze_0/libsrc/cpu_v2_7/src
make -C microblaze_0/libsrc/cpu_v2_7/src -s libs  "SHELL=/bin/sh" "COMPILER=mb-gcc" "ARCHIVER=mb-ar" "COMPILER_FLAGS=  -O2 -c -mcpu=v10.0 -mlittle-endian -mxl-soft-mul" "EXTRA_COMPILER_FLAGS=-ffunction-sections -fdata-sections -Wall -Wextra"
Compiling cpu
Running Make libs in microblaze_0/libsrc/led_shift_594_driver_v1_0/src
make -C microblaze_0/libsrc/led_shift_594_driver_v1_0/src -s libs  "SHELL=/bin/sh" "COMPILER=mb-gcc" "ARCHIVER=mb-ar" "COMPILER_FLAGS=  -O2 -c -mcpu=v10.0 -mlittle-endian -mxl-soft-mul" "EXTRA_COMPILER_FLAGS=-ffunction-sections -fdata-sections -Wall -Wextra"
Compiling led_shift_594_driver...
led_shift_594_driver_selftest.c: In function 'LED_SHIFT_594_DRIVER_Reg_SelfTest':
led_shift_594_driver_selftest.c:52:69: warning: comparison between signed and unsigned integer expressions [-Wsign-compare]
    if ( LED_SHIFT_594_DRIVER_mReadReg (baseaddr, read_loop_index*4) != (read_loop_index+1)*READ_WRITE_MUL_FACTOR){
                                                                     ^~
led_shift_594_driver_selftest.c:36:6: warning: unused variable 'Index' [-Wunused-variable]
  int Index;
      ^~~~~
Finished building libraries
16:52:04 **** Build of configuration Debug for project Router ****
make all 
Building file: ../src/fifo.c
Invoking: MicroBlaze gcc compiler
mb-gcc -Wall -O0 -g3 -c -fmessage-length=0 -MT"src/fifo.o" -I../../Router_bsp/microblaze_0/include -mlittle-endian -mcpu=v10.0 -mxl-soft-mul -Wl,--no-relax -ffunction-sections -fdata-sections -MMD -MP -MF"src/fifo.d" -MT"src/fifo.o" -o "src/fifo.o" "../src/fifo.c"
Finished building: ../src/fifo.c
 
Building file: ../src/platform.c
Invoking: MicroBlaze gcc compiler
mb-gcc -Wall -O0 -g3 -c -fmessage-length=0 -MT"src/platform.o" -I../../Router_bsp/microblaze_0/include -mlittle-endian -mcpu=v10.0 -mxl-soft-mul -Wl,--no-relax -ffunction-sections -fdata-sections -MMD -MP -MF"src/platform.d" -MT"src/platform.o" -o "src/platform.o" "../src/platform.c"
Finished building: ../src/platform.c
 
Building file: ../src/router.c
Invoking: MicroBlaze gcc compiler
mb-gcc -Wall -O0 -g3 -c -fmessage-length=0 -MT"src/router.o" -I../../Router_bsp/microblaze_0/include -mlittle-endian -mcpu=v10.0 -mxl-soft-mul -Wl,--no-relax -ffunction-sections -fdata-sections -MMD -MP -MF"src/router.d" -MT"src/router.o" -o "src/router.o" "../src/router.c"
Finished building: ../src/router.c
 
Building target: Router.elf
Invoking: MicroBlaze gcc linker
mb-gcc -Wl,-T -Wl,../src/lscript.ld -L../../Router_bsp/microblaze_0/lib -mlittle-endian -mcpu=v10.0 -mxl-soft-mul -Wl,--no-relax -Wl,--gc-sections -o "Router.elf"  ./src/fifo.o ./src/platform.o ./src/router.o   -Wl,--start-group,-lxil,-lgcc,-lc,--end-group
Finished building target: Router.elf
 
Invoking: MicroBlaze Print Size
mb-size Router.elf  |tee "Router.elf.size"
   text	   data	    bss	    dec	    hex	filename
   9324	    272	   6532	  16128	   3f00	Router.elf
Finished building: Router.elf.size
 
16:52:13 **** Auto Build of configuration Debug for project Router ****
make all 
Building file: ../src/router.c
Invoking: MicroBlaze gcc compiler
mb-gcc -Wall -O0 -g3 -c -fmessage-length=0 -MT"src/router.o" -I../../Router_bsp/microblaze_0/include -mlittle-endian -mcpu=v10.0 -mxl-soft-mul -Wl,--no-relax -ffunction-sections -fdata-sections -MMD -MP -MF"src/router.d" -MT"src/router.o" -o "src/router.o" "../src/router.c"
Finished building: ../src/router.c
 
Building target: Router.elf
Invoking: MicroBlaze gcc linker
mb-gcc -Wl,-T -Wl,../src/lscript.ld -L../../Router_bsp/microblaze_0/lib -mlittle-endian -mcpu=v10.0 -mxl-soft-mul -Wl,--no-relax -Wl,--gc-sections -o "Router.elf"  ./src/fifo.o ./src/platform.o ./src/router.o   -Wl,--start-group,-lxil,-lgcc,-lc,--end-group
Finished building target: Router.elf
 
Invoking: MicroBlaze Print Size
mb-size Router.elf  |tee "Router.elf.size"
   text	   data	    bss	    dec	    hex	filename
   9360	    272	   6528	  16160	   3f20	Router.elf
Finished building: Router.elf.size
 
16:52:17 **** Incremental Build of configuration Debug for project Router ****
make all 
make: Nothing to be done for 'all'.
16:54:04 **** Auto Build of configuration Debug for project Router ****
make all 
Building file: ../src/router.c
Invoking: MicroBlaze gcc compiler
mb-gcc -Wall -O0 -g3 -c -fmessage-length=0 -MT"src/router.o" -I../../Router_bsp/microblaze_0/include -mlittle-endian -mcpu=v10.0 -mxl-soft-mul -Wl,--no-relax -ffunction-sections -fdata-sections -MMD -MP -MF"src/router.d" -MT"src/router.o" -o "src/router.o" "../src/router.c"
Finished building: ../src/router.c
 
Building target: Router.elf
Invoking: MicroBlaze gcc linker
mb-gcc -Wl,-T -Wl,../src/lscript.ld -L../../Router_bsp/microblaze_0/lib -mlittle-endian -mcpu=v10.0 -mxl-soft-mul -Wl,--no-relax -Wl,--gc-sections -o "Router.elf"  ./src/fifo.o ./src/platform.o ./src/router.o   -Wl,--start-group,-lxil,-lgcc,-lc,--end-group
Finished building target: Router.elf
 
Invoking: MicroBlaze Print Size
mb-size Router.elf  |tee "Router.elf.size"
   text	   data	    bss	    dec	    hex	filename
   9360	    272	   6528	  16160	   3f20	Router.elf
Finished building: Router.elf.size
 
16:54:11 **** Incremental Build of configuration Debug for project Router ****
make all 
make: Nothing to be done for 'all'.
17:08:59 **** Auto Build of configuration Debug for project Router ****
make all 
Building file: ../src/router.c
Invoking: MicroBlaze gcc compiler
mb-gcc -Wall -O0 -g3 -c -fmessage-length=0 -MT"src/router.o" -I../../Router_bsp/microblaze_0/include -mlittle-endian -mcpu=v10.0 -mxl-soft-mul -Wl,--no-relax -ffunction-sections -fdata-sections -MMD -MP -MF"src/router.d" -MT"src/router.o" -o "src/router.o" "../src/router.c"
Finished building: ../src/router.c
 
Building target: Router.elf
Invoking: MicroBlaze gcc linker
mb-gcc -Wl,-T -Wl,../src/lscript.ld -L../../Router_bsp/microblaze_0/lib -mlittle-endian -mcpu=v10.0 -mxl-soft-mul -Wl,--no-relax -Wl,--gc-sections -o "Router.elf"  ./src/fifo.o ./src/platform.o ./src/router.o   -Wl,--start-group,-lxil,-lgcc,-lc,--end-group
Finished building target: Router.elf
 
Invoking: MicroBlaze Print Size
mb-size Router.elf  |tee "Router.elf.size"
   text	   data	    bss	    dec	    hex	filename
   9360	    272	   6528	  16160	   3f20	Router.elf
Finished building: Router.elf.size
 
17:09:06 **** Incremental Build of configuration Debug for project Router ****
make all 
make: Nothing to be done for 'all'.
17:09:41 **** Incremental Build of configuration Debug for project Router ****
make all 
make: Nothing to be done for 'all'.
17:10:22 **** Auto Build of configuration Debug for project Router ****
make all 
Building file: ../src/router.c
Invoking: MicroBlaze gcc compiler
mb-gcc -Wall -O0 -g3 -c -fmessage-length=0 -MT"src/router.o" -I../../Router_bsp/microblaze_0/include -mlittle-endian -mcpu=v10.0 -mxl-soft-mul -Wl,--no-relax -ffunction-sections -fdata-sections -MMD -MP -MF"src/router.d" -MT"src/router.o" -o "src/router.o" "../src/router.c"
Finished building: ../src/router.c
 
Building target: Router.elf
Invoking: MicroBlaze gcc linker
mb-gcc -Wl,-T -Wl,../src/lscript.ld -L../../Router_bsp/microblaze_0/lib -mlittle-endian -mcpu=v10.0 -mxl-soft-mul -Wl,--no-relax -Wl,--gc-sections -o "Router.elf"  ./src/fifo.o ./src/platform.o ./src/router.o   -Wl,--start-group,-lxil,-lgcc,-lc,--end-group
Finished building target: Router.elf
 
Invoking: MicroBlaze Print Size
mb-size Router.elf  |tee "Router.elf.size"
   text	   data	    bss	    dec	    hex	filename
   9268	    272	   6532	  16072	   3ec8	Router.elf
Finished building: Router.elf.size
 
17:10:26 **** Incremental Build of configuration Debug for project Router ****
make all 
make: Nothing to be done for 'all'.
17:10:41 **** Auto Build of configuration Debug for project Router ****
make all 
Building file: ../src/router.c
Invoking: MicroBlaze gcc compiler
mb-gcc -Wall -O0 -g3 -c -fmessage-length=0 -MT"src/router.o" -I../../Router_bsp/microblaze_0/include -mlittle-endian -mcpu=v10.0 -mxl-soft-mul -Wl,--no-relax -ffunction-sections -fdata-sections -MMD -MP -MF"src/router.d" -MT"src/router.o" -o "src/router.o" "../src/router.c"
Finished building: ../src/router.c
 
Building target: Router.elf
Invoking: MicroBlaze gcc linker
mb-gcc -Wl,-T -Wl,../src/lscript.ld -L../../Router_bsp/microblaze_0/lib -mlittle-endian -mcpu=v10.0 -mxl-soft-mul -Wl,--no-relax -Wl,--gc-sections -o "Router.elf"  ./src/fifo.o ./src/platform.o ./src/router.o   -Wl,--start-group,-lxil,-lgcc,-lc,--end-group
Finished building target: Router.elf
 
Invoking: MicroBlaze Print Size
mb-size Router.elf  |tee "Router.elf.size"
   text	   data	    bss	    dec	    hex	filename
   9116	    272	   6532	  15920	   3e30	Router.elf
Finished building: Router.elf.size
 
17:10:46 **** Incremental Build of configuration Debug for project Router ****
make all 
make: Nothing to be done for 'all'.
17:11:16 **** Auto Build of configuration Debug for project Router ****
make all 
Building file: ../src/router.c
Invoking: MicroBlaze gcc compiler
mb-gcc -Wall -O0 -g3 -c -fmessage-length=0 -MT"src/router.o" -I../../Router_bsp/microblaze_0/include -mlittle-endian -mcpu=v10.0 -mxl-soft-mul -Wl,--no-relax -ffunction-sections -fdata-sections -MMD -MP -MF"src/router.d" -MT"src/router.o" -o "src/router.o" "../src/router.c"
Finished building: ../src/router.c
 
Building target: Router.elf
Invoking: MicroBlaze gcc linker
mb-gcc -Wl,-T -Wl,../src/lscript.ld -L../../Router_bsp/microblaze_0/lib -mlittle-endian -mcpu=v10.0 -mxl-soft-mul -Wl,--no-relax -Wl,--gc-sections -o "Router.elf"  ./src/fifo.o ./src/platform.o ./src/router.o   -Wl,--start-group,-lxil,-lgcc,-lc,--end-group
Finished building target: Router.elf
 
Invoking: MicroBlaze Print Size
mb-size Router.elf  |tee "Router.elf.size"
   text	   data	    bss	    dec	    hex	filename
   9360	    272	   6528	  16160	   3f20	Router.elf
Finished building: Router.elf.size
 
17:11:21 **** Incremental Build of configuration Debug for project Router ****
make all 
make: Nothing to be done for 'all'.
17:11:34 **** Auto Build of configuration Debug for project Router ****
make all 
Building file: ../src/router.c
Invoking: MicroBlaze gcc compiler
mb-gcc -Wall -O0 -g3 -c -fmessage-length=0 -MT"src/router.o" -I../../Router_bsp/microblaze_0/include -mlittle-endian -mcpu=v10.0 -mxl-soft-mul -Wl,--no-relax -ffunction-sections -fdata-sections -MMD -MP -MF"src/router.d" -MT"src/router.o" -o "src/router.o" "../src/router.c"
Finished building: ../src/router.c
 
Building target: Router.elf
Invoking: MicroBlaze gcc linker
mb-gcc -Wl,-T -Wl,../src/lscript.ld -L../../Router_bsp/microblaze_0/lib -mlittle-endian -mcpu=v10.0 -mxl-soft-mul -Wl,--no-relax -Wl,--gc-sections -o "Router.elf"  ./src/fifo.o ./src/platform.o ./src/router.o   -Wl,--start-group,-lxil,-lgcc,-lc,--end-group
Finished building target: Router.elf
 
Invoking: MicroBlaze Print Size
mb-size Router.elf  |tee "Router.elf.size"
   text	   data	    bss	    dec	    hex	filename
   9068	    272	   6532	  15872	   3e00	Router.elf
Finished building: Router.elf.size
 
17:11:38 **** Incremental Build of configuration Debug for project Router ****
make all 
make: Nothing to be done for 'all'.
17:14:56 **** Auto Build of configuration Debug for project Router ****
make all 
Building file: ../src/router.c
Invoking: MicroBlaze gcc compiler
mb-gcc -Wall -O0 -g3 -c -fmessage-length=0 -MT"src/router.o" -I../../Router_bsp/microblaze_0/include -mlittle-endian -mcpu=v10.0 -mxl-soft-mul -Wl,--no-relax -ffunction-sections -fdata-sections -MMD -MP -MF"src/router.d" -MT"src/router.o" -o "src/router.o" "../src/router.c"
Finished building: ../src/router.c
 
Building target: Router.elf
Invoking: MicroBlaze gcc linker
mb-gcc -Wl,-T -Wl,../src/lscript.ld -L../../Router_bsp/microblaze_0/lib -mlittle-endian -mcpu=v10.0 -mxl-soft-mul -Wl,--no-relax -Wl,--gc-sections -o "Router.elf"  ./src/fifo.o ./src/platform.o ./src/router.o   -Wl,--start-group,-lxil,-lgcc,-lc,--end-group
Finished building target: Router.elf
 
Invoking: MicroBlaze Print Size
mb-size Router.elf  |tee "Router.elf.size"
   text	   data	    bss	    dec	    hex	filename
   9172	    272	   6532	  15976	   3e68	Router.elf
Finished building: Router.elf.size
 
17:15:01 **** Incremental Build of configuration Debug for project Router ****
make all 
make: Nothing to be done for 'all'.
17:15:12 **** Incremental Build of configuration Debug for project Router ****
make all 
make: Nothing to be done for 'all'.
17:15:37 **** Auto Build of configuration Debug for project Router ****
make all 
Building file: ../src/router.c
Invoking: MicroBlaze gcc compiler
mb-gcc -Wall -O0 -g3 -c -fmessage-length=0 -MT"src/router.o" -I../../Router_bsp/microblaze_0/include -mlittle-endian -mcpu=v10.0 -mxl-soft-mul -Wl,--no-relax -ffunction-sections -fdata-sections -MMD -MP -MF"src/router.d" -MT"src/router.o" -o "src/router.o" "../src/router.c"
Finished building: ../src/router.c
 
Building target: Router.elf
Invoking: MicroBlaze gcc linker
mb-gcc -Wl,-T -Wl,../src/lscript.ld -L../../Router_bsp/microblaze_0/lib -mlittle-endian -mcpu=v10.0 -mxl-soft-mul -Wl,--no-relax -Wl,--gc-sections -o "Router.elf"  ./src/fifo.o ./src/platform.o ./src/router.o   -Wl,--start-group,-lxil,-lgcc,-lc,--end-group
Finished building target: Router.elf
 
Invoking: MicroBlaze Print Size
mb-size Router.elf  |tee "Router.elf.size"
   text	   data	    bss	    dec	    hex	filename
   9324	    272	   6532	  16128	   3f00	Router.elf
Finished building: Router.elf.size
 
17:15:46 **** Incremental Build of configuration Debug for project Router ****
make all 
make: Nothing to be done for 'all'.
17:15:54 **** Auto Build of configuration Debug for project Router ****
make all 
Building file: ../src/router.c
Invoking: MicroBlaze gcc compiler
mb-gcc -Wall -O0 -g3 -c -fmessage-length=0 -MT"src/router.o" -I../../Router_bsp/microblaze_0/include -mlittle-endian -mcpu=v10.0 -mxl-soft-mul -Wl,--no-relax -ffunction-sections -fdata-sections -MMD -MP -MF"src/router.d" -MT"src/router.o" -o "src/router.o" "../src/router.c"
Finished building: ../src/router.c
 
Building target: Router.elf
Invoking: MicroBlaze gcc linker
mb-gcc -Wl,-T -Wl,../src/lscript.ld -L../../Router_bsp/microblaze_0/lib -mlittle-endian -mcpu=v10.0 -mxl-soft-mul -Wl,--no-relax -Wl,--gc-sections -o "Router.elf"  ./src/fifo.o ./src/platform.o ./src/router.o   -Wl,--start-group,-lxil,-lgcc,-lc,--end-group
Finished building target: Router.elf
 
Invoking: MicroBlaze Print Size
mb-size Router.elf  |tee "Router.elf.size"
   text	   data	    bss	    dec	    hex	filename
   9324	    272	   6532	  16128	   3f00	Router.elf
Finished building: Router.elf.size
 
17:15:58 **** Incremental Build of configuration Debug for project Router ****
make all 
make: Nothing to be done for 'all'.
17:16:19 **** Auto Build of configuration Debug for project Router ****
make all 
Building file: ../src/router.c
Invoking: MicroBlaze gcc compiler
mb-gcc -Wall -O0 -g3 -c -fmessage-length=0 -MT"src/router.o" -I../../Router_bsp/microblaze_0/include -mlittle-endian -mcpu=v10.0 -mxl-soft-mul -Wl,--no-relax -ffunction-sections -fdata-sections -MMD -MP -MF"src/router.d" -MT"src/router.o" -o "src/router.o" "../src/router.c"
Finished building: ../src/router.c
 
Building target: Router.elf
Invoking: MicroBlaze gcc linker
mb-gcc -Wl,-T -Wl,../src/lscript.ld -L../../Router_bsp/microblaze_0/lib -mlittle-endian -mcpu=v10.0 -mxl-soft-mul -Wl,--no-relax -Wl,--gc-sections -o "Router.elf"  ./src/fifo.o ./src/platform.o ./src/router.o   -Wl,--start-group,-lxil,-lgcc,-lc,--end-group
Finished building target: Router.elf
 
Invoking: MicroBlaze Print Size
mb-size Router.elf  |tee "Router.elf.size"
   text	   data	    bss	    dec	    hex	filename
   9324	    272	   6532	  16128	   3f00	Router.elf
Finished building: Router.elf.size
 
17:16:22 **** Incremental Build of configuration Debug for project Router ****
make all 
make: Nothing to be done for 'all'.
17:16:29 **** Auto Build of configuration Debug for project Router ****
make all 
Building file: ../src/router.c
Invoking: MicroBlaze gcc compiler
mb-gcc -Wall -O0 -g3 -c -fmessage-length=0 -MT"src/router.o" -I../../Router_bsp/microblaze_0/include -mlittle-endian -mcpu=v10.0 -mxl-soft-mul -Wl,--no-relax -ffunction-sections -fdata-sections -MMD -MP -MF"src/router.d" -MT"src/router.o" -o "src/router.o" "../src/router.c"
Finished building: ../src/router.c
 
Building target: Router.elf
Invoking: MicroBlaze gcc linker
mb-gcc -Wl,-T -Wl,../src/lscript.ld -L../../Router_bsp/microblaze_0/lib -mlittle-endian -mcpu=v10.0 -mxl-soft-mul -Wl,--no-relax -Wl,--gc-sections -o "Router.elf"  ./src/fifo.o ./src/platform.o ./src/router.o   -Wl,--start-group,-lxil,-lgcc,-lc,--end-group
Finished building target: Router.elf
 
Invoking: MicroBlaze Print Size
mb-size Router.elf  |tee "Router.elf.size"
   text	   data	    bss	    dec	    hex	filename
   9324	    272	   6532	  16128	   3f00	Router.elf
Finished building: Router.elf.size
 
17:16:32 **** Incremental Build of configuration Debug for project Router ****
make all 
make: Nothing to be done for 'all'.
17:16:41 **** Auto Build of configuration Debug for project Router ****
make all 
Building file: ../src/router.c
Invoking: MicroBlaze gcc compiler
mb-gcc -Wall -O0 -g3 -c -fmessage-length=0 -MT"src/router.o" -I../../Router_bsp/microblaze_0/include -mlittle-endian -mcpu=v10.0 -mxl-soft-mul -Wl,--no-relax -ffunction-sections -fdata-sections -MMD -MP -MF"src/router.d" -MT"src/router.o" -o "src/router.o" "../src/router.c"
Finished building: ../src/router.c
 
Building target: Router.elf
Invoking: MicroBlaze gcc linker
mb-gcc -Wl,-T -Wl,../src/lscript.ld -L../../Router_bsp/microblaze_0/lib -mlittle-endian -mcpu=v10.0 -mxl-soft-mul -Wl,--no-relax -Wl,--gc-sections -o "Router.elf"  ./src/fifo.o ./src/platform.o ./src/router.o   -Wl,--start-group,-lxil,-lgcc,-lc,--end-group
Finished building target: Router.elf
 
Invoking: MicroBlaze Print Size
mb-size Router.elf  |tee "Router.elf.size"
   text	   data	    bss	    dec	    hex	filename
   9324	    272	   6532	  16128	   3f00	Router.elf
Finished building: Router.elf.size
 
17:16:45 **** Incremental Build of configuration Debug for project Router ****
make all 
make: Nothing to be done for 'all'.
17:16:57 **** Auto Build of configuration Debug for project Router ****
make all 
Building file: ../src/router.c
Invoking: MicroBlaze gcc compiler
mb-gcc -Wall -O0 -g3 -c -fmessage-length=0 -MT"src/router.o" -I../../Router_bsp/microblaze_0/include -mlittle-endian -mcpu=v10.0 -mxl-soft-mul -Wl,--no-relax -ffunction-sections -fdata-sections -MMD -MP -MF"src/router.d" -MT"src/router.o" -o "src/router.o" "../src/router.c"
Finished building: ../src/router.c
 
Building target: Router.elf
Invoking: MicroBlaze gcc linker
mb-gcc -Wl,-T -Wl,../src/lscript.ld -L../../Router_bsp/microblaze_0/lib -mlittle-endian -mcpu=v10.0 -mxl-soft-mul -Wl,--no-relax -Wl,--gc-sections -o "Router.elf"  ./src/fifo.o ./src/platform.o ./src/router.o   -Wl,--start-group,-lxil,-lgcc,-lc,--end-group
Finished building target: Router.elf
 
Invoking: MicroBlaze Print Size
mb-size Router.elf  |tee "Router.elf.size"
   text	   data	    bss	    dec	    hex	filename
   9372	    272	   6532	  16176	   3f30	Router.elf
Finished building: Router.elf.size
 
17:17:01 **** Incremental Build of configuration Debug for project Router ****
make all 
make: Nothing to be done for 'all'.
17:17:08 **** Auto Build of configuration Debug for project Router ****
make all 
Building file: ../src/router.c
Invoking: MicroBlaze gcc compiler
mb-gcc -Wall -O0 -g3 -c -fmessage-length=0 -MT"src/router.o" -I../../Router_bsp/microblaze_0/include -mlittle-endian -mcpu=v10.0 -mxl-soft-mul -Wl,--no-relax -ffunction-sections -fdata-sections -MMD -MP -MF"src/router.d" -MT"src/router.o" -o "src/router.o" "../src/router.c"
Finished building: ../src/router.c
 
Building target: Router.elf
Invoking: MicroBlaze gcc linker
mb-gcc -Wl,-T -Wl,../src/lscript.ld -L../../Router_bsp/microblaze_0/lib -mlittle-endian -mcpu=v10.0 -mxl-soft-mul -Wl,--no-relax -Wl,--gc-sections -o "Router.elf"  ./src/fifo.o ./src/platform.o ./src/router.o   -Wl,--start-group,-lxil,-lgcc,-lc,--end-group
Finished building target: Router.elf
 
Invoking: MicroBlaze Print Size
mb-size Router.elf  |tee "Router.elf.size"
   text	   data	    bss	    dec	    hex	filename
   9372	    272	   6532	  16176	   3f30	Router.elf
Finished building: Router.elf.size
 
17:17:11 **** Incremental Build of configuration Debug for project Router ****
make all 
make: Nothing to be done for 'all'.
17:17:22 **** Incremental Build of configuration Debug for project Router ****
make all 
make: Nothing to be done for 'all'.
17:17:29 **** Auto Build of configuration Debug for project Router ****
make all 
Building file: ../src/router.c
Invoking: MicroBlaze gcc compiler
mb-gcc -Wall -O0 -g3 -c -fmessage-length=0 -MT"src/router.o" -I../../Router_bsp/microblaze_0/include -mlittle-endian -mcpu=v10.0 -mxl-soft-mul -Wl,--no-relax -ffunction-sections -fdata-sections -MMD -MP -MF"src/router.d" -MT"src/router.o" -o "src/router.o" "../src/router.c"
Finished building: ../src/router.c
 
Building target: Router.elf
Invoking: MicroBlaze gcc linker
mb-gcc -Wl,-T -Wl,../src/lscript.ld -L../../Router_bsp/microblaze_0/lib -mlittle-endian -mcpu=v10.0 -mxl-soft-mul -Wl,--no-relax -Wl,--gc-sections -o "Router.elf"  ./src/fifo.o ./src/platform.o ./src/router.o   -Wl,--start-group,-lxil,-lgcc,-lc,--end-group
Finished building target: Router.elf
 
Invoking: MicroBlaze Print Size
mb-size Router.elf  |tee "Router.elf.size"
   text	   data	    bss	    dec	    hex	filename
   9372	    272	   6532	  16176	   3f30	Router.elf
Finished building: Router.elf.size
 
17:17:32 **** Incremental Build of configuration Debug for project Router ****
make all 
make: Nothing to be done for 'all'.
17:17:41 **** Auto Build of configuration Debug for project Router ****
make all 
Building file: ../src/router.c
Invoking: MicroBlaze gcc compiler
mb-gcc -Wall -O0 -g3 -c -fmessage-length=0 -MT"src/router.o" -I../../Router_bsp/microblaze_0/include -mlittle-endian -mcpu=v10.0 -mxl-soft-mul -Wl,--no-relax -ffunction-sections -fdata-sections -MMD -MP -MF"src/router.d" -MT"src/router.o" -o "src/router.o" "../src/router.c"
Finished building: ../src/router.c
 
Building target: Router.elf
Invoking: MicroBlaze gcc linker
mb-gcc -Wl,-T -Wl,../src/lscript.ld -L../../Router_bsp/microblaze_0/lib -mlittle-endian -mcpu=v10.0 -mxl-soft-mul -Wl,--no-relax -Wl,--gc-sections -o "Router.elf"  ./src/fifo.o ./src/platform.o ./src/router.o   -Wl,--start-group,-lxil,-lgcc,-lc,--end-group
Finished building target: Router.elf
 
Invoking: MicroBlaze Print Size
mb-size Router.elf  |tee "Router.elf.size"
   text	   data	    bss	    dec	    hex	filename
   9172	    272	   6532	  15976	   3e68	Router.elf
Finished building: Router.elf.size
 
17:17:44 **** Incremental Build of configuration Debug for project Router ****
make all 
make: Nothing to be done for 'all'.
17:18:12 **** Auto Build of configuration Debug for project Router ****
make all 
Building file: ../src/router.c
Invoking: MicroBlaze gcc compiler
mb-gcc -Wall -O0 -g3 -c -fmessage-length=0 -MT"src/router.o" -I../../Router_bsp/microblaze_0/include -mlittle-endian -mcpu=v10.0 -mxl-soft-mul -Wl,--no-relax -ffunction-sections -fdata-sections -MMD -MP -MF"src/router.d" -MT"src/router.o" -o "src/router.o" "../src/router.c"
Finished building: ../src/router.c
 
Building target: Router.elf
Invoking: MicroBlaze gcc linker
mb-gcc -Wl,-T -Wl,../src/lscript.ld -L../../Router_bsp/microblaze_0/lib -mlittle-endian -mcpu=v10.0 -mxl-soft-mul -Wl,--no-relax -Wl,--gc-sections -o "Router.elf"  ./src/fifo.o ./src/platform.o ./src/router.o   -Wl,--start-group,-lxil,-lgcc,-lc,--end-group
Finished building target: Router.elf
 
Invoking: MicroBlaze Print Size
mb-size Router.elf  |tee "Router.elf.size"
   text	   data	    bss	    dec	    hex	filename
   9172	    272	   6532	  15976	   3e68	Router.elf
Finished building: Router.elf.size
 
17:18:22 **** Incremental Build of configuration Debug for project Router ****
make all 
make: Nothing to be done for 'all'.
